// Jest Snapshot v1, https://goo.gl/fbAQLP

exports[`<UserList /> renders 1`] = `
<div
  className="UserList"
><h4>Bitcoins  List</h4>
</div>
`;
